--------------------------------------------------------------------------------
Release 14.7 Trace  (nt)
Copyright (c) 1995-2013 Xilinx, Inc.  All rights reserved.

E:\Xilinx\14.7\ISE_DS\ISE\bin\nt\unwrapped\trce.exe -intstyle ise -v 3 -s 3 -n
3 -fastpaths -xml top.twx top.ncd -o top.twr top.pcf -ucf constraints.ucf

Design file:              top.ncd
Physical constraint file: top.pcf
Device,package,speed:     xc6slx16,csg324,C,-3 (PRODUCTION 1.23 2013-10-13)
Report level:             verbose report

Environment Variable      Effect 
--------------------      ------ 
NONE                      No environment variables were set
--------------------------------------------------------------------------------

INFO:Timing:2698 - No timing constraints found, doing default enumeration.
INFO:Timing:3412 - To improve timing, see the Timing Closure User Guide (UG612).
INFO:Timing:2752 - To get complete path coverage, use the unconstrained paths 
   option. All paths that are not constrained will be reported in the 
   unconstrained paths section(s) of the report.
INFO:Timing:3339 - The clock-to-out numbers in this timing report are based on 
   a 50 Ohm transmission line loading model.  For the details of this model, 
   and for more information on accounting for different loading conditions, 
   please see the device datasheet.



Data Sheet report:
-----------------
All values displayed in nanoseconds (ns)

Setup/Hold to clock button_m
------------+------------+------------+------------+------------+------------------+--------+
            |Max Setup to|  Process   |Max Hold to |  Process   |                  | Clock  |
Source      | clk (edge) |   Corner   | clk (edge) |   Corner   |Internal Clock(s) | Phase  |
------------+------------+------------+------------+------------+------------------+--------+
in_data<0>  |   -0.701(F)|      FAST  |    2.332(F)|      SLOW  |button_m_IBUF_BUFG|   0.000|
in_data<1>  |   -0.920(F)|      FAST  |    2.502(F)|      SLOW  |button_m_IBUF_BUFG|   0.000|
in_data<2>  |   -0.943(F)|      FAST  |    2.540(F)|      SLOW  |button_m_IBUF_BUFG|   0.000|
in_data<3>  |   -0.795(F)|      FAST  |    2.351(F)|      SLOW  |button_m_IBUF_BUFG|   0.000|
in_data<4>  |   -0.750(F)|      FAST  |    2.268(F)|      SLOW  |button_m_IBUF_BUFG|   0.000|
in_data<5>  |   -0.370(F)|      FAST  |    1.902(F)|      SLOW  |button_m_IBUF_BUFG|   0.000|
in_data<6>  |   -0.998(F)|      FAST  |    2.610(F)|      SLOW  |button_m_IBUF_BUFG|   0.000|
in_data<7>  |   -0.605(F)|      FAST  |    2.085(F)|      SLOW  |button_m_IBUF_BUFG|   0.000|
------------+------------+------------+------------+------------+------------------+--------+

Setup/Hold to clock button_r
------------+------------+------------+------------+------------+------------------+--------+
            |Max Setup to|  Process   |Max Hold to |  Process   |                  | Clock  |
Source      | clk (edge) |   Corner   | clk (edge) |   Corner   |Internal Clock(s) | Phase  |
------------+------------+------------+------------+------------+------------------+--------+
rc1         |   -1.301(R)|      FAST  |    3.026(R)|      SLOW  |XLXI_110/XLXN_84  |   0.000|
------------+------------+------------+------------+------------+------------------+--------+

Clock to Setup on destination clock button_m
---------------+---------+---------+---------+---------+
               | Src:Rise| Src:Fall| Src:Rise| Src:Fall|
Source Clock   |Dest:Rise|Dest:Rise|Dest:Fall|Dest:Fall|
---------------+---------+---------+---------+---------+
button_m       |         |         |    2.131|    2.131|
---------------+---------+---------+---------+---------+

Clock to Setup on destination clock button_r
---------------+---------+---------+---------+---------+
               | Src:Rise| Src:Fall| Src:Rise| Src:Fall|
Source Clock   |Dest:Rise|Dest:Rise|Dest:Fall|Dest:Fall|
---------------+---------+---------+---------+---------+
button_r       |    2.186|    0.490|         |         |
---------------+---------+---------+---------+---------+

Clock to Setup on destination clock clk
---------------+---------+---------+---------+---------+
               | Src:Rise| Src:Fall| Src:Rise| Src:Fall|
Source Clock   |Dest:Rise|Dest:Rise|Dest:Fall|Dest:Fall|
---------------+---------+---------+---------+---------+
clk            |    1.861|         |         |         |
---------------+---------+---------+---------+---------+


Analysis completed Fri Feb 07 20:38:35 2020 
--------------------------------------------------------------------------------

Trace Settings:
-------------------------
Trace Settings 

Peak Memory Usage: 174 MB



