--------------------------------------------------------------------------------
Release 14.7 Trace  (nt)
Copyright (c) 1995-2013 Xilinx, Inc.  All rights reserved.

C:\Xilinx\14.7\ISE_DS\ISE\bin\nt\unwrapped\trce.exe -intstyle ise -v 3 -s 3 -n
3 -fastpaths -xml top.twx top.ncd -o top.twr top.pcf -ucf constraints.ucf

Design file:              top.ncd
Physical constraint file: top.pcf
Device,package,speed:     xc6slx16,csg324,C,-3 (PRODUCTION 1.23 2013-10-13)
Report level:             verbose report

Environment Variable      Effect 
--------------------      ------ 
NONE                      No environment variables were set
--------------------------------------------------------------------------------

INFO:Timing:2698 - No timing constraints found, doing default enumeration.
INFO:Timing:3412 - To improve timing, see the Timing Closure User Guide (UG612).
INFO:Timing:2752 - To get complete path coverage, use the unconstrained paths 
   option. All paths that are not constrained will be reported in the 
   unconstrained paths section(s) of the report.
INFO:Timing:3339 - The clock-to-out numbers in this timing report are based on 
   a 50 Ohm transmission line loading model.  For the details of this model, 
   and for more information on accounting for different loading conditions, 
   please see the device datasheet.



Data Sheet report:
-----------------
All values displayed in nanoseconds (ns)

Setup/Hold to clock button_r
------------+------------+------------+------------+------------+------------------+--------+
            |Max Setup to|  Process   |Max Hold to |  Process   |                  | Clock  |
Source      | clk (edge) |   Corner   | clk (edge) |   Corner   |Internal Clock(s) | Phase  |
------------+------------+------------+------------+------------+------------------+--------+
rc1         |   -1.378(R)|      FAST  |    3.224(R)|      SLOW  |XLXI_112/XLXN_84  |   0.000|
------------+------------+------------+------------+------------+------------------+--------+

Setup/Hold to clock send_en
------------+------------+------------+------------+------------+------------------+--------+
            |Max Setup to|  Process   |Max Hold to |  Process   |                  | Clock  |
Source      | clk (edge) |   Corner   | clk (edge) |   Corner   |Internal Clock(s) | Phase  |
------------+------------+------------+------------+------------+------------------+--------+
in_data<0>  |   -0.817(F)|      FAST  |    2.407(F)|      SLOW  |send_en_IBUF_BUFG |   0.000|
in_data<1>  |   -0.781(F)|      FAST  |    2.256(F)|      SLOW  |send_en_IBUF_BUFG |   0.000|
in_data<2>  |   -1.082(F)|      FAST  |    2.696(F)|      SLOW  |send_en_IBUF_BUFG |   0.000|
in_data<3>  |   -0.851(F)|      FAST  |    2.386(F)|      SLOW  |send_en_IBUF_BUFG |   0.000|
in_data<4>  |   -0.915(F)|      FAST  |    2.478(F)|      SLOW  |send_en_IBUF_BUFG |   0.000|
in_data<5>  |   -1.058(F)|      FAST  |    2.652(F)|      SLOW  |send_en_IBUF_BUFG |   0.000|
in_data<6>  |   -1.087(F)|      FAST  |    2.701(F)|      SLOW  |send_en_IBUF_BUFG |   0.000|
in_data<7>  |   -0.738(F)|      FAST  |    2.237(F)|      SLOW  |send_en_IBUF_BUFG |   0.000|
------------+------------+------------+------------+------------+------------------+--------+

Clock to Setup on destination clock button_r
---------------+---------+---------+---------+---------+
               | Src:Rise| Src:Fall| Src:Rise| Src:Fall|
Source Clock   |Dest:Rise|Dest:Rise|Dest:Fall|Dest:Fall|
---------------+---------+---------+---------+---------+
button_r       |    1.588|    0.378|         |         |
---------------+---------+---------+---------+---------+

Clock to Setup on destination clock clk
---------------+---------+---------+---------+---------+
               | Src:Rise| Src:Fall| Src:Rise| Src:Fall|
Source Clock   |Dest:Rise|Dest:Rise|Dest:Fall|Dest:Fall|
---------------+---------+---------+---------+---------+
clk            |    1.800|         |         |         |
---------------+---------+---------+---------+---------+

Clock to Setup on destination clock send_en
---------------+---------+---------+---------+---------+
               | Src:Rise| Src:Fall| Src:Rise| Src:Fall|
Source Clock   |Dest:Rise|Dest:Rise|Dest:Fall|Dest:Fall|
---------------+---------+---------+---------+---------+
send_en        |         |         |    1.557|    1.557|
---------------+---------+---------+---------+---------+


Analysis completed Thu Feb 20 22:38:53 2020 
--------------------------------------------------------------------------------

Trace Settings:
-------------------------
Trace Settings 

Peak Memory Usage: 173 MB



